
Allocating common symbols
Common symbol       size              file

netbufpool          0x4               binaries/net.o
readylist           0x2               binaries/ready.o
rfltab              0x5a0             binaries/rflinit.o
sleepq              0x2               binaries/clkinit.o
nnames              0x4               binaries/naminit.o
udptab              0x168             binaries/udp.o
minheap             0x4               binaries/meminit.o
marks               0x50              binaries/mark.o
currpid             0x4               binaries/initialize.o
Lf_data             0x20c             binaries/lfsinit.o
porttab             0x2d0             binaries/ptinit.o
girmask             0x2               binaries/evec.o
ttytab              0x10c             binaries/ttyinit.o
proctab             0x15e0            binaries/initialize.o
prcount             0x4               binaries/initialize.o
ebp                 0x4               binaries/main.o
lfltab              0xf00             binaries/lflinit.o
rdstab              0x8c              binaries/rdsinit.o
ethertab            0x138             binaries/ethinit.o
NetData             0xa8              binaries/net.o
nmarks              0x4               binaries/mark.o
Defer               0x8               binaries/resched.o
semtab              0x4b0             binaries/initialize.o
maxheap             0x4               binaries/meminit.o
preempt             0x4               binaries/clkinit.o
buftab              0xf0              binaries/bufinit.o
Rf_data             0x18              binaries/rfsinit.o
mkmutex             0x4               binaries/mark.o
clktime             0x4               binaries/clkinit.o
sp                  0x4               binaries/main.o
arpcache            0x140             binaries/arp.o
icmptab             0x230             binaries/icmp.o
nbpools             0x4               binaries/bufinit.o
queuetab            0x980             binaries/queue.o
esp                 0x4               binaries/printprocstks.o
ptnextid            0x4               binaries/ptinit.o
Ram                 0x19000           binaries/raminit.o
ipoqueue            0x2c              binaries/ip.o
memlist             0x8               binaries/initialize.o
nametab             0x19a0            binaries/naminit.o
ptfree              0x4               binaries/ptinit.o

Memory Configuration

Name             Origin             Length             Attributes
*default*        0x0000000000000000 0xffffffffffffffff

Linker script and memory map

                0x0000000000100000                physbase = 0x100000
                0x0000000000100000                . = physbase
                0x0000000000100000                . = ALIGN (0x1000)

.text           0x0000000000100000    0x15000
                0x0000000000100000                text = ABSOLUTE (.)
 *(.text .text.*)
 .text          0x0000000000100000      0x1ac binaries/start.o
                0x0000000000100028                start
                0x00000000001000fa                inb
                0x0000000000100102                inw
                0x000000000010010b                inl
                0x0000000000100113                outb
                0x000000000010011d                outw
                0x0000000000100128                outl
                0x0000000000100132                _rtcin
                0x000000000010013d                ___udivsi3
                0x0000000000100148                ___divsi3
                0x0000000000100154                sbzero
                0x0000000000100164                bcopy
                0x0000000000100178                insw
                0x000000000010018e                outsw
                0x00000000001001a4                lidt
 .text          0x00000000001001ac      0x2f6 binaries/ascdate.o
                0x00000000001001ac                ascdate
 .text          0x00000000001004a2       0x10 binaries/bufinit.o
                0x00000000001004a2                bufinit
 .text          0x00000000001004b2       0x6a binaries/chprio.o
                0x00000000001004b2                chprio
 .text          0x000000000010051c       0x73 binaries/clkhandler.o
                0x000000000010051c                clkhandler
 .text          0x000000000010058f       0x76 binaries/clkinit.o
                0x000000000010058f                clkinit
 .text          0x0000000000100605       0x4e binaries/close.o
                0x0000000000100605                close
 .text          0x0000000000100653        0x0 binaries/conf.o
 .text          0x0000000000100653       0x66 binaries/control.o
                0x0000000000100653                control
 .text          0x00000000001006b9      0x1ff binaries/create.o
                0x00000000001006b9                create
 .text          0x00000000001008b8      0x2b9 binaries/early_imr.o
                0x00000000001008b8                intel_cln_early_sb_read_reg
                0x000000000010091f                intel_cln_early_sb_write_reg
                0x0000000000100a2f                remove_irm_protections
 .text          0x0000000000100b71      0x376 binaries/evec.o
                0x0000000000100b71                setirmask
                0x0000000000100baf                set_evec
                0x0000000000100c0c                initevec
                0x0000000000100d1c                trap
 .text          0x0000000000100ee7       0x67 binaries/freebuf.o
                0x0000000000100ee7                freebuf
 .text          0x0000000000100f4e       0xeb binaries/freemem.o
                0x0000000000100f4e                freemem
 .text          0x0000000000101039       0x64 binaries/getbuf.o
                0x0000000000101039                getbuf
 .text          0x000000000010109d       0x4e binaries/getc.o
                0x000000000010109d                getc
 .text          0x00000000001010eb       0x60 binaries/getdev.o
                0x00000000001010eb                getdev
 .text          0x000000000010114b       0x83 binaries/getitem.o
                0x000000000010114b                getitem
                0x0000000000101177                getfirst
                0x00000000001011a0                getlast
 .text          0x00000000001011ce       0xb2 binaries/getmem.o
                0x00000000001011ce                getmem
 .text          0x0000000000101280        0x6 binaries/getpid.o
                0x0000000000101280                getpid
 .text          0x0000000000101286       0x5c binaries/getprio.o
                0x0000000000101286                getprio
 .text          0x00000000001012e2       0x9a binaries/getstk.o
                0x00000000001012e2                getstk
 .text          0x000000000010137c       0x34 binaries/gettime.o
                0x000000000010137c                gettime
 .text          0x00000000001013b0      0x1b8 binaries/getutime.o
                0x00000000001013b0                getutime
 .text          0x0000000000101568       0x4e binaries/init.o
                0x0000000000101568                init
 .text          0x00000000001015b6      0x25c binaries/initialize.o
                0x00000000001015b6                nulluser
                0x00000000001017ca                stop
                0x00000000001017ef                delay
 .text          0x0000000000101812       0xa0 binaries/insert.o
                0x0000000000101812                insert
 .text          0x00000000001018b2       0xe9 binaries/insertd.o
                0x00000000001018b2                insertd
 .text          0x000000000010199b        0x6 binaries/ioerr.o
                0x000000000010199b                ioerr
 .text          0x00000000001019a1        0x6 binaries/ionull.o
                0x00000000001019a1                ionull
 .text          0x00000000001019a7      0x13a binaries/kill.o
                0x00000000001019a7                kill
 .text          0x0000000000101ae1       0xb8 binaries/kprintf.o
                0x0000000000101ae1                kputc
                0x0000000000101b10                console_init
                0x0000000000101b4f                kgetc
                0x0000000000101b71                kprintf
 .text          0x0000000000101b99      0x3fb binaries/main.o
                0x0000000000101b99                test_host2netl_asm
                0x0000000000101bb8                test_net2hostl_asm
                0x0000000000101bd7                test_runtimestack
                0x0000000000101c88                test_procstks
                0x0000000000101d1c                test_stack1
                0x0000000000101d9b                test_rogue1
                0x0000000000101e1a                test_rogue2
                0x0000000000101e99                main
 .text          0x0000000000101f94       0x93 binaries/mark.o
                0x0000000000101f94                markinit
                0x0000000000101fb6                mark
 .text          0x0000000000102027      0x1d1 binaries/meminit.o
                0x0000000000102027                meminit
                0x0000000000102181                setsegs
 .text          0x00000000001021f8      0x117 binaries/mkbufpool.o
                0x00000000001021f8                mkbufpool
 .text          0x000000000010230f       0x5e binaries/newqueue.o
                0x000000000010230f                newqueue
 .text          0x000000000010236d       0x5e binaries/open.o
                0x000000000010236d                open
 .text          0x00000000001023cb       0x1e binaries/panic.o
                0x00000000001023cb                panic
 .text          0x00000000001023e9      0x26e binaries/pci.o
                0x00000000001023e9                pci_init
                0x00000000001023ef                find_pci_device
                0x00000000001024a5                pci_read_config_byte
                0x00000000001024e0                pci_read_config_word
                0x000000000010251d                pci_read_config_dword
                0x0000000000102558                pci_write_config_byte
                0x0000000000102591                pci_write_config_word
                0x00000000001025cb                pci_write_config_dword
                0x0000000000102604                pci_get_dev_mmio_base_addr
 .text          0x0000000000102657       0x59 binaries/platinit.o
                0x0000000000102657                platinit
 .text          0x00000000001026b0       0xa3 binaries/ptclear.o
                0x00000000001026b0                _ptclear
 .text          0x0000000000102753       0x6e binaries/ptcount.o
                0x0000000000102753                ptcount
 .text          0x00000000001027c1       0xc0 binaries/ptcreate.o
                0x00000000001027c1                ptcreate
 .text          0x0000000000102881       0x66 binaries/ptdelete.o
                0x0000000000102881                ptdelete
 .text          0x00000000001028e7       0x89 binaries/ptinit.o
                0x00000000001028e7                ptinit
 .text          0x0000000000102970       0xb5 binaries/ptrecv.o
                0x0000000000102970                ptrecv
 .text          0x0000000000102a25       0x60 binaries/ptreset.o
                0x0000000000102a25                ptreset
 .text          0x0000000000102a85       0xd0 binaries/ptsend.o
                0x0000000000102a85                ptsend
 .text          0x0000000000102b55       0x5d binaries/putc.o
                0x0000000000102b55                putc
 .text          0x0000000000102bb2       0xd5 binaries/quark_irq.o
                0x0000000000102bb2                quark_irq_routing
 .text          0x0000000000102c87      0x1c9 binaries/quark_pdat.o
                0x0000000000102c87                get_quark_pdat_entry_data_by_id
                0x0000000000102d68                get_quark_pdat_entry_data_by_desc
 .text          0x0000000000102e50       0xb3 binaries/queue.o
                0x0000000000102e50                enqueue
                0x0000000000102ebc                dequeue
 .text          0x0000000000102f03       0x5e binaries/read.o
                0x0000000000102f03                read
 .text          0x0000000000102f61       0x6e binaries/ready.o
                0x0000000000102f61                ready
 .text          0x0000000000102fcf       0x51 binaries/receive.o
                0x0000000000102fcf                receive
 .text          0x0000000000103020       0x42 binaries/recvclr.o
                0x0000000000103020                recvclr
 .text          0x0000000000103062       0x99 binaries/recvtime.o
                0x0000000000103062                recvtime
 .text          0x00000000001030fb      0x130 binaries/resched.o
                0x00000000001030fb                resched
                0x00000000001031b8                resched_cntl
 .text          0x000000000010322b       0x87 binaries/resume.o
                0x000000000010322b                resume
 .text          0x00000000001032b2       0x56 binaries/seek.o
                0x00000000001032b2                seek
 .text          0x0000000000103308       0x47 binaries/semcount.o
                0x0000000000103308                semcount
 .text          0x000000000010334f       0x8d binaries/semcreate.o
                0x000000000010334f                semcreate
 .text          0x00000000001033dc       0xa8 binaries/semdelete.o
                0x00000000001033dc                semdelete
 .text          0x0000000000103484       0x95 binaries/semreset.o
                0x0000000000103484                semreset
 .text          0x0000000000103519       0xb4 binaries/send.o
                0x0000000000103519                send
 .text          0x00000000001035cd       0x7c binaries/signal.o
                0x00000000001035cd                signal
 .text          0x0000000000103649       0xa8 binaries/signaln.o
                0x0000000000103649                signaln
 .text          0x00000000001036f1       0xbc binaries/sleep.o
                0x00000000001036f1                sleepms
                0x000000000010377b                sleep
 .text          0x00000000001037ad      0x179 binaries/stacktrace.o
                0x00000000001037ad                stacktrace
 .text          0x0000000000103926       0xb2 binaries/suspend.o
                0x0000000000103926                suspend
 .text          0x00000000001039d8       0xa8 binaries/unsleep.o
                0x00000000001039d8                unsleep
 .text          0x0000000000103a80       0x14 binaries/userret.o
                0x0000000000103a80                userret
 .text          0x0000000000103a94       0x9f binaries/wait.o
                0x0000000000103a94                wait
 .text          0x0000000000103b33       0x71 binaries/wakeup.o
                0x0000000000103b33                wakeup
 .text          0x0000000000103ba4       0x5e binaries/write.o
                0x0000000000103ba4                write
 .text          0x0000000000103c02       0x18 binaries/xdone.o
                0x0000000000103c02                xdone
 .text          0x0000000000103c1a       0x22 binaries/yield.o
                0x0000000000103c1a                yield
 .text          0x0000000000103c3c      0x134 binaries/myprog.o
                0x0000000000103c3c                myfuncA
                0x0000000000103cc7                myprogA
 .text          0x0000000000103d70       0xc1 binaries/printprocstks.o
                0x0000000000103d70                printprocstks
 .text          0x0000000000103e31      0x100 binaries/printsegaddress.o
                0x0000000000103e31                printsegaddress
 .text          0x0000000000103f31       0xc1 binaries/rogue.o
                0x0000000000103f31                roguefuncB
                0x0000000000103f8b                rogueB
                0x0000000000103fcb                roguefuncB2
                0x0000000000103fde                rogueB2
 .text          0x0000000000103ff2       0xae binaries/someprog.o
                0x0000000000103ff2                somefuncA
                0x000000000010401e                someprogA
                0x0000000000104049                somefuncB
                0x0000000000104075                someprogB
 .text          0x00000000001040a0        0xe binaries/abs.o
                0x00000000001040a0                abs
 .text          0x00000000001040ae       0x70 binaries/atoi.o
                0x00000000001040ae                atoi
 .text          0x000000000010411e       0x70 binaries/atol.o
                0x000000000010411e                atol
 .text          0x000000000010418e       0x18 binaries/bzero.o
                0x000000000010418e                bzero
 .text          0x00000000001041a6        0x0 binaries/ctype_.o
 .text          0x00000000001041a6      0x716 binaries/doprnt.o
                0x00000000001042f4                _doprnt
 .text          0x00000000001048bc      0x631 binaries/doscan.o
                0x00000000001048bc                _doscan
 .text          0x0000000000104eed      0x70a binaries/fdoprnt.o
                0x0000000000104f6d                _fdoprnt
 .text          0x00000000001055f7       0x1c binaries/fgetc.o
                0x00000000001055f7                fgetc
 .text          0x0000000000105613       0x5e binaries/fgets.o
                0x0000000000105613                fgets
 .text          0x0000000000105671       0x30 binaries/fprintf.o
                0x0000000000105671                fprintf
 .text          0x00000000001056a1       0x29 binaries/fputc.o
                0x00000000001056a1                fputc
 .text          0x00000000001056ca       0x3a binaries/fputs.o
                0x00000000001056ca                fputs
 .text          0x0000000000105704       0x7a binaries/fscanf.o
                0x000000000010573b                fscanf
 .text          0x000000000010577e       0x27 binaries/getchar.o
                0x000000000010577e                getchar
 .text          0x00000000001057a5        0xe binaries/labs.o
                0x00000000001057a5                labs
 .text          0x00000000001057b3       0x32 binaries/memchr.o
                0x00000000001057b3                memchr
 .text          0x00000000001057e5       0x4a binaries/memcmp.o
                0x00000000001057e5                memcmp
 .text          0x000000000010582f       0x25 binaries/memcpy.o
                0x000000000010582f                memcpy
 .text          0x0000000000105854       0x1e binaries/memset.o
                0x0000000000105854                memset
 .text          0x0000000000105872       0x44 binaries/printf.o
                0x0000000000105872                printf
 .text          0x00000000001058b6       0x2f binaries/putchar.o
                0x00000000001058b6                putchar
 .text          0x00000000001058e5      0x1cb binaries/qsort.o
                0x0000000000105a85                qsort
 .text          0x0000000000105ab0       0x44 binaries/rand.o
                0x0000000000105ab0                srand
                0x0000000000105aba                rand
 .text          0x0000000000105af4       0x55 binaries/sprintf.o
                0x0000000000105b0b                sprintf
 .text          0x0000000000105b49       0x6c binaries/sscanf.o
                0x0000000000105b72                sscanf
 .text          0x0000000000105bb5       0x33 binaries/strchr.o
                0x0000000000105bb5                strchr
 .text          0x0000000000105be8       0x43 binaries/strcmp.o
                0x0000000000105be8                strcmp
 .text          0x0000000000105c2b       0x1a binaries/strcpy.o
                0x0000000000105c2b                strcpy
 .text          0x0000000000105c45       0x1c binaries/strlen.o
                0x0000000000105c45                strlen
 .text          0x0000000000105c61       0x3b binaries/strncat.o
                0x0000000000105c61                strncat
 .text          0x0000000000105c9c       0x3a binaries/strncmp.o
                0x0000000000105c9c                strncmp
 .text          0x0000000000105cd6       0x58 binaries/strncpy.o
                0x0000000000105cd6                strncpy
 .text          0x0000000000105d2e       0x2e binaries/strnlen.o
                0x0000000000105d2e                strnlen
 .text          0x0000000000105d5c       0x30 binaries/strrchr.o
                0x0000000000105d5c                strrchr
 .text          0x0000000000105d8c       0x6e binaries/strstr.o
                0x0000000000105d8c                strstr
 .text          0x0000000000105dfa       0xbb binaries/ttycontrol.o
                0x0000000000105dfa                ttycontrol
 .text          0x0000000000105eb5       0x7b binaries/ttygetc.o
                0x0000000000105eb5                ttygetc
 .text          0x0000000000105f30      0x469 binaries/ttyhandle_in.o
                0x0000000000105fe5                ttyhandle_in
 .text          0x0000000000106399      0x164 binaries/ttyhandle_out.o
                0x0000000000106399                ttyhandle_out
 .text          0x00000000001064fd       0x83 binaries/ttyhandler.o
                0x00000000001064fd                ttyhandler
 .text          0x0000000000106580      0x14e binaries/ttyinit.o
                0x0000000000106580                ttyinit
 .text          0x00000000001066ce        0xc binaries/ttykickout.o
                0x00000000001066ce                ttykickout
 .text          0x00000000001066da       0x93 binaries/ttyputc.o
                0x00000000001066da                ttyputc
 .text          0x000000000010676d       0xe2 binaries/ttyread.o
                0x000000000010676d                ttyread
 .text          0x000000000010684f       0x4d binaries/ttywrite.o
                0x000000000010684f                ttywrite
 .text          0x000000000010689c      0x10d binaries/mount.o
                0x000000000010689c                namlen
                0x00000000001068d4                mount
 .text          0x00000000001069a9      0x1d5 binaries/naminit.o
                0x00000000001069a9                naminit
 .text          0x0000000000106b7e      0x203 binaries/nammap.o
                0x0000000000106b7e                namrepl
                0x0000000000106c91                namcpy
                0x0000000000106cde                nammap
 .text          0x0000000000106d81       0x58 binaries/namopen.o
                0x0000000000106d81                namopen
 .text          0x0000000000106dd9       0xd0 binaries/colon2mac.o
                0x0000000000106dd9                colon2mac
 .text          0x0000000000106ea9       0x7b binaries/ethcontrol.o
                0x0000000000106ea9                ethcontrol
 .text          0x0000000000106f24       0xfa binaries/ethhandler.o
                0x0000000000106f24                ethhandler
 .text          0x000000000010701e      0x4cf binaries/ethinit.o
                0x000000000010701e                eth_phy_read
                0x000000000010705d                eth_phy_write
                0x000000000010709f                eth_phy_reset
                0x000000000010719b                ethinit
 .text          0x00000000001074ed      0x11a binaries/ethmcast.o
                0x00000000001074ed                ethmcast_add
                0x0000000000107540                ethmcast_remove
 .text          0x0000000000107607      0x156 binaries/ethread.o
                0x0000000000107607                ethread
 .text          0x000000000010775d       0xa3 binaries/ethwrite.o
                0x000000000010775d                ethwrite
 .text          0x0000000000107800       0x62 binaries/rdsbufalloc.o
                0x0000000000107800                rdsbufalloc
 .text          0x0000000000107862       0x7f binaries/rdsclose.o
                0x0000000000107862                rdsclose
 .text          0x00000000001078e1      0x200 binaries/rdscomm.o
                0x00000000001078e1                rdscomm
 .text          0x0000000000107ae1      0x194 binaries/rdscontrol.o
                0x0000000000107ae1                rdscontrol
 .text          0x0000000000107c75      0x17e binaries/rdsinit.o
                0x0000000000107c75                rdsinit
 .text          0x0000000000107df3      0x15f binaries/rdsopen.o
                0x0000000000107df3                rdsopen
 .text          0x0000000000107f52      0x2d8 binaries/rdsprocess.o
                0x0000000000107f52                rdsprocess
 .text          0x000000000010822a      0x18a binaries/rdsread.o
                0x000000000010822a                rdsread
 .text          0x00000000001083b4      0x141 binaries/rdswrite.o
                0x00000000001083b4                rdswrite
 .text          0x00000000001084f5        0x6 binaries/ramclose.o
                0x00000000001084f5                ramclose
 .text          0x00000000001084fb       0x44 binaries/raminit.o
                0x00000000001084fb                raminit
 .text          0x000000000010853f        0x7 binaries/ramopen.o
                0x000000000010853f                ramopen
 .text          0x0000000000108546       0x30 binaries/ramread.o
                0x0000000000108546                ramread
 .text          0x0000000000108576       0x30 binaries/ramwrite.o
                0x0000000000108576                ramwrite
 .text          0x00000000001085a6       0x91 binaries/lfdballoc.o
                0x00000000001085a6                lfdballoc
 .text          0x0000000000108637       0x5d binaries/lfdbfree.o
                0x0000000000108637                lfdbfree
 .text          0x0000000000108694       0xaa binaries/lfflush.o
                0x0000000000108694                lfflush
 .text          0x000000000010873e       0x7a binaries/lfgetmode.o
                0x000000000010873e                lfgetmode
 .text          0x00000000001087b8       0x68 binaries/lfiballoc.o
                0x00000000001087b8                lfiballoc
 .text          0x0000000000108820       0x25 binaries/lfibclear.o
                0x0000000000108820                lfibclear
 .text          0x0000000000108845       0x7a binaries/lfibget.o
                0x0000000000108845                lfibget
 .text          0x00000000001088bf       0xa0 binaries/lfibput.o
                0x00000000001088bf                lfibput
 .text          0x000000000010895f       0x76 binaries/lflclose.o
                0x000000000010895f                lflclose
 .text          0x00000000001089d5       0xa2 binaries/lflcontrol.o
                0x00000000001089d5                lflcontrol
 .text          0x0000000000108a77       0x9e binaries/lflgetc.o
                0x0000000000108a77                lflgetc
 .text          0x0000000000108b15       0xb8 binaries/lflinit.o
                0x0000000000108b15                lflinit
 .text          0x0000000000108bcd       0xba binaries/lflputc.o
                0x0000000000108bcd                lflputc
 .text          0x0000000000108c87       0x6a binaries/lflread.o
                0x0000000000108c87                lflread
 .text          0x0000000000108cf1       0x82 binaries/lflseek.o
                0x0000000000108cf1                lflseek
 .text          0x0000000000108d73       0x56 binaries/lflwrite.o
                0x0000000000108d73                lflwrite
 .text          0x0000000000108dc9      0x129 binaries/lfsckfmt.o
                0x0000000000108dc9                lfsckfmt
 .text          0x0000000000108ef2      0x1d9 binaries/lfscreate.o
                0x0000000000108ef2                lfscreate
 .text          0x00000000001090cb      0x1aa binaries/lfsetup.o
                0x00000000001090cb                lfsetup
 .text          0x0000000000109275       0x51 binaries/lfsinit.o
                0x0000000000109275                lfsinit
 .text          0x00000000001092c6      0x2ad binaries/lfsopen.o
                0x00000000001092c6                lfsopen
 .text          0x0000000000109573      0x11c binaries/lftruncate.o
                0x0000000000109573                lftruncate
 .text          0x000000000010968f       0x5a binaries/rflclose.o
                0x000000000010968f                rflclose
 .text          0x00000000001096e9       0x34 binaries/rflgetc.o
                0x00000000001096e9                rflgetc
 .text          0x000000000010971d       0x4b binaries/rflinit.o
                0x000000000010971d                rflinit
 .text          0x0000000000109768       0x3a binaries/rflputc.o
                0x0000000000109768                rflputc
 .text          0x00000000001097a2      0x296 binaries/rflread.o
                0x00000000001097a2                rflread
 .text          0x0000000000109a38       0x60 binaries/rflseek.o
                0x0000000000109a38                rflseek
 .text          0x0000000000109a98      0x2b3 binaries/rflwrite.o
                0x0000000000109a98                rflwrite
 .text          0x0000000000109d4b      0x17f binaries/rfscomm.o
                0x0000000000109d4b                rfscomm
 .text          0x0000000000109eca      0x24a binaries/rfscontrol.o
                0x0000000000109eca                rfscontrol
 .text          0x000000000010a114       0x7a binaries/rfsgetmode.o
                0x000000000010a114                rfsgetmode
 .text          0x000000000010a18e       0x76 binaries/rfsinit.o
                0x000000000010a18e                rfsinit
 .text          0x000000000010a204       0xbb binaries/rfsndmsg.o
                0x000000000010a204                rfsndmsg
 .text          0x000000000010a2bf      0x229 binaries/rfsopen.o
                0x000000000010a2bf                rfsopen
 .text          0x000000000010a4e8      0x64d binaries/arp.o
                0x000000000010a4e8                arp_init
                0x000000000010a500                arp_alloc
                0x000000000010a5b0                arp_ntoh
                0x000000000010a61a                arp_hton
                0x000000000010a684                arp_resolve
                0x000000000010a903                arp_in
 .text          0x000000000010ab35      0x614 binaries/dhcp.o
                0x000000000010ab35                dhcp_get_opt_val
                0x000000000010ab88                dhcp_bld_bootp_msg
                0x000000000010ac88                dhcp_bld_disc
                0x000000000010acda                dhcp_bld_req
                0x000000000010ad78                getlocalip
 .text          0x000000000010b149       0xcb binaries/dot2ip.o
                0x000000000010b149                dot2ip
 .text          0x000000000010b214      0x366 binaries/hexdump.o
                0x000000000010b214                hexdump
                0x000000000010b343                hexadump
 .text          0x000000000010b57a      0x5ef binaries/icmp.o
                0x000000000010b57a                icmp_init
                0x000000000010b592                icmp_register
                0x000000000010b644                icmp_recv
                0x000000000010b799                icmp_mkpkt
                0x000000000010b873                icmp_in
                0x000000000010b9ab                icmp_send
                0x000000000010ba27                icmp_release
                0x000000000010bae3                icmp_cksum
                0x000000000010bb41                icmp_hton
                0x000000000010bb55                icmp_ntoh
 .text          0x000000000010bb69      0x567 binaries/ip.o
                0x000000000010bb69                ip_local
                0x000000000010bb9d                ipcksum
                0x000000000010bbee                ip_ntoh
                0x000000000010bc58                ip_in
                0x000000000010bd4d                ip_hton
                0x000000000010bdb7                ip_out
                0x000000000010be6b                ip_send
                0x000000000010bf68                ipout
                0x000000000010c044                ip_enqueue
 .text          0x000000000010c0d0      0x1d3 binaries/net.o
                0x000000000010c0d0                net_init
                0x000000000010c20b                eth_hton
                0x000000000010c215                eth_ntoh
                0x000000000010c21f                netin
 .text          0x000000000010c2a3       0xd3 binaries/netstart.o
                0x000000000010c2a3                netstart
 .text          0x000000000010c376      0xb3f binaries/pdump.o
                0x000000000010c376                pdump
                0x000000000010c9e3                pdumph
 .text          0x000000000010ceb5      0x5db binaries/tftp.o
                0x000000000010ceb5                tftp_send1
                0x000000000010cfe8                tftpget_mb
                0x000000000010d453                tftpget
 .text          0x000000000010d490      0x7d8 binaries/udp.o
                0x000000000010d490                udp_init
                0x000000000010d4cd                udp_in
                0x000000000010d586                udp_register
                0x000000000010d674                udp_recv
                0x000000000010d78b                udp_recvaddr
                0x000000000010d8b9                udp_send
                0x000000000010da34                udp_sendto
                0x000000000010db84                udp_release
                0x000000000010dc40                udp_ntoh
                0x000000000010dc54                udp_hton
 .text          0x000000000010dc68      0x104 binaries/addargs.o
                0x000000000010dc68                addargs
 .text          0x000000000010dd6c      0x1f8 binaries/lexan.o
                0x000000000010dd6c                lexan
 .text          0x000000000010df64      0x63d binaries/shell.o
                0x000000000010df64                shell
 .text          0x000000000010e5a1       0x5b binaries/xsh_argecho.o
                0x000000000010e5a1                xsh_argecho
 .text          0x000000000010e5fc      0x1d6 binaries/xsh_arp.o
                0x000000000010e5fc                xsh_arp
 .text          0x000000000010e7d2      0x219 binaries/xsh_cat.o
                0x000000000010e7d2                xsh_cat
 .text          0x000000000010e9eb       0x58 binaries/xsh_clear.o
                0x000000000010e9eb                xsh_clear
 .text          0x000000000010ea43      0x2bf binaries/xsh_date.o
                0x000000000010ea43                xsh_date
 .text          0x000000000010ed02       0x8f binaries/xsh_devdump.o
                0x000000000010ed02                xsh_devdump
 .text          0x000000000010ed91       0x60 binaries/xsh_echo.o
                0x000000000010ed91                xsh_echo
 .text          0x000000000010edf1        0x6 binaries/xsh_exit.o
                0x000000000010edf1                xsh_exit
 .text          0x000000000010edf7      0x329 binaries/xsh_help.o
                0x000000000010edf7                xsh_help
 .text          0x000000000010f120      0x42d binaries/xsh_ipaddr.o
                0x000000000010f120                xsh_ipaddr
 .text          0x000000000010f54d      0x1f9 binaries/xsh_kill.o
                0x000000000010f54d                xsh_kill
 .text          0x000000000010f746      0x3fb binaries/xsh_memdump.o
                0x000000000010f7fc                xsh_memdump
 .text          0x000000000010fb41      0x1fc binaries/xsh_memstat.o
                0x000000000010fb41                xsh_memstat
 .text          0x000000000010fd3d      0x320 binaries/xsh_ping.o
                0x000000000010fd3d                xsh_ping
 .text          0x000000000011005d      0x1fe binaries/xsh_ps.o
                0x000000000011005d                xsh_ps
 .text          0x000000000011025b      0x1e8 binaries/xsh_sleep.o
                0x000000000011025b                xsh_sleep
 .text          0x0000000000110443      0x22c binaries/xsh_udpdump.o
                0x0000000000110443                xsh_udpdump
 .text          0x000000000011066f      0x44e binaries/xsh_udpecho.o
                0x000000000011066f                xsh_udpecho
 .text          0x0000000000110abd      0x287 binaries/xsh_udpeserver.o
                0x0000000000110abd                xsh_udpeserver
 .text          0x0000000000110d44      0x1c6 binaries/xsh_uptime.o
                0x0000000000110d44                xsh_uptime
 .text          0x0000000000110f0a        0xe binaries/clkdisp.o
                0x0000000000110f0a                clkdisp
 .text          0x0000000000110f18       0x19 binaries/ctxsw.o
                0x0000000000110f18                ctxsw
 .text          0x0000000000110f31      0x36b binaries/intr.o
                0x0000000000110f31                disable
                0x0000000000110f3a                restore
                0x0000000000110f48                enable
                0x0000000000110f4a                pause
                0x0000000000110f51                halt
                0x0000000000110f57                spurious_irq7
                0x0000000000110f5c                spurious_irq15
                0x0000000000110f6b                _Xint0
                0x0000000000110f76                _Xint1
                0x0000000000110f81                _Xint2
                0x0000000000110f8c                _Xint3
                0x0000000000110f97                _Xint4
                0x0000000000110fa2                _Xint5
                0x0000000000110fad                _Xint6
                0x0000000000110fb8                _Xint7
                0x0000000000110fc3                _Xint8
                0x0000000000110fce                _Xint9
                0x0000000000110fd9                _Xint10
                0x0000000000110fe4                _Xint11
                0x0000000000110ff2                _Xint12
                0x0000000000111000                _Xint13
                0x000000000011100e                _Xint14
                0x000000000011101c                _Xint15
                0x000000000011102a                _Xint16
                0x0000000000111038                _Xint17
                0x0000000000111046                _Xint18
                0x0000000000111054                _Xint19
                0x0000000000111062                _Xint20
                0x0000000000111070                _Xint21
                0x000000000011107e                _Xint22
                0x000000000011108c                _Xint23
                0x000000000011109a                _Xint24
                0x00000000001110a8                _Xint25
                0x00000000001110b6                _Xint26
                0x00000000001110c4                _Xint27
                0x00000000001110d2                _Xint28
                0x00000000001110e0                _Xint29
                0x00000000001110ee                _Xint30
                0x00000000001110fc                _Xint31
                0x000000000011110a                _Xint32
                0x0000000000111118                _Xint33
                0x0000000000111126                _Xint34
                0x0000000000111134                _Xint35
                0x0000000000111142                _Xint36
                0x0000000000111150                _Xint37
                0x000000000011115e                _Xint38
                0x000000000011116c                _Xint39
                0x000000000011117a                _Xint40
                0x0000000000111188                _Xint41
                0x0000000000111196                _Xint42
                0x00000000001111a4                _Xint43
                0x00000000001111b2                _Xint44
                0x00000000001111c0                _Xint45
                0x00000000001111ce                _Xint46
                0x00000000001111dc                defevec
 .text          0x000000000011129c        0xe binaries/host2netl_asm.o
                0x000000000011129c                host2netl_asm
                0x00000000001112a3                net2hostl_asm
 .text          0x00000000001112aa        0xf binaries/ttydispatch.o
                0x00000000001112aa                ttydispatch
 .text          0x00000000001112b9       0x13 binaries/ethdispatch.o
                0x00000000001112b9                ethdispatch
 *(.rodata .rodata.*)
 .rodata.str1.1
                0x00000000001112cc       0x54 binaries/ascdate.o
 .rodata.str1.4
                0x0000000000111320       0x22 binaries/ascdate.o
 .rodata.str1.1
                0x0000000000111342       0x5f binaries/conf.o
 *fill*         0x00000000001113a1        0x3 
 .rodata.str1.4
                0x00000000001113a4       0x4f binaries/early_imr.o
 .rodata        0x00000000001113f3       0x30 binaries/early_imr.o
 .rodata.str1.1
                0x0000000000111423      0x20c binaries/evec.o
 *fill*         0x000000000011162f        0x1 
 .rodata.str1.4
                0x0000000000111630       0x23 binaries/evec.o
 .rodata.str1.1
                0x0000000000111653        0xb binaries/getutime.o
 *fill*         0x000000000011165e        0x2 
 .rodata.str1.4
                0x0000000000111660       0x54 binaries/getutime.o
 .rodata.str1.1
                0x00000000001116b4       0x63 binaries/initialize.o
                                         0x67 (size before relaxing)
 *fill*         0x0000000000111717        0x1 
 .rodata.str1.4
                0x0000000000111718       0xd4 binaries/initialize.o
 .rodata        0x00000000001117ec       0x20 binaries/kill.o
 .rodata.str1.4
                0x000000000011180c       0xe9 binaries/main.o
 .rodata.str1.1
                0x00000000001118f5       0xb4 binaries/main.o
 *fill*         0x00000000001119a9        0x3 
 .rodata.str1.4
                0x00000000001119ac       0x23 binaries/meminit.o
 .rodata.str1.1
                0x00000000001119cf       0x1b binaries/meminit.o
 .rodata.str1.1
                0x00000000001119ea        0xf binaries/panic.o
 .rodata.str1.1
                0x00000000001119f9       0x1c binaries/ptinit.o
 *fill*         0x0000000000111a15        0x3 
 .rodata.str1.4
                0x0000000000111a18       0x25 binaries/ptsend.o
 .rodata.str1.1
                0x0000000000111a3d       0x22 binaries/quark_pdat.o
 *fill*         0x0000000000111a5f        0x1 
 .rodata.str1.4
                0x0000000000111a60       0x63 binaries/stacktrace.o
 .rodata.str1.1
                0x0000000000111ac3       0x52 binaries/stacktrace.o
 *fill*         0x0000000000111b15        0x3 
 .rodata.str1.4
                0x0000000000111b18       0x27 binaries/xdone.o
 *fill*         0x0000000000111b3f        0x1 
 .rodata.str1.4
                0x0000000000111b40       0x50 binaries/myprog.o
 .rodata.str1.1
                0x0000000000000000       0x23 binaries/myprog.o
 .rodata.str1.1
                0x0000000000111b90       0x51 binaries/printprocstks.o
 *fill*         0x0000000000111be1        0x3 
 .rodata.str1.4
                0x0000000000111be4      0x1a7 binaries/printsegaddress.o
 *fill*         0x0000000000111d8b       0x15 
 .rodata        0x0000000000111da0       0x81 binaries/ctype_.o
                0x0000000000111da0                _ctype_
 .rodata.str1.1
                0x0000000000111e21       0x29 binaries/doprnt.o
 *fill*         0x0000000000111e4a        0x2 
 .rodata        0x0000000000111e4c       0xc4 binaries/doprnt.o
 .rodata        0x0000000000111f10       0x98 binaries/doscan.o
 .rodata.str1.1
                0x0000000000000000       0x29 binaries/fdoprnt.o
 .rodata        0x0000000000111fa8       0x84 binaries/fdoprnt.o
 .rodata        0x000000000011202c       0x20 binaries/ttycontrol.o
 .rodata.str1.4
                0x000000000011204c       0x4c binaries/naminit.o
 .rodata.str1.1
                0x0000000000112098       0x32 binaries/naminit.o
                                         0x35 (size before relaxing)
 .rodata.str1.1
                0x00000000001120ca       0x15 binaries/ethinit.o
 *fill*         0x00000000001120df        0x1 
 .rodata.str1.4
                0x00000000001120e0       0x2e binaries/ethinit.o
 *fill*         0x000000000011210e        0x2 
 .rodata.str1.4
                0x0000000000112110       0x2c binaries/rdsbufalloc.o
 .rodata.str1.4
                0x000000000011213c       0x76 binaries/rdscomm.o
 *fill*         0x00000000001121b2        0x2 
 .rodata.str1.4
                0x00000000001121b4       0x48 binaries/rdscontrol.o
 .rodata.str1.4
                0x00000000001121fc       0x7e binaries/rdsinit.o
 .rodata.str1.1
                0x000000000011227a       0x18 binaries/rdsinit.o
 *fill*         0x0000000000112292        0x2 
 .rodata.str1.4
                0x0000000000112294       0x22 binaries/rdsopen.o
 *fill*         0x00000000001122b6        0x2 
 .rodata.str1.4
                0x00000000001122b8       0x4d binaries/rdsprocess.o
 .rodata.str1.1
                0x0000000000112305        0x9 binaries/raminit.o
 .rodata.str1.1
                0x000000000011230e       0x13 binaries/lfdballoc.o
 *fill*         0x0000000000112321        0x3 
 .rodata.str1.4
                0x0000000000112324       0x23 binaries/lfdballoc.o
 .rodata.str1.1
                0x0000000000112347       0x14 binaries/lfiballoc.o
 *fill*         0x000000000011235b        0x1 
 .rodata.str1.4
                0x000000000011235c       0x23 binaries/lflcontrol.o
 .rodata.str1.1
                0x000000000011237f       0x64 binaries/lfsckfmt.o
 *fill*         0x00000000001123e3        0x1 
 .rodata.str1.4
                0x00000000001123e4       0x51 binaries/lfsckfmt.o
 *fill*         0x0000000000112435        0x3 
 .rodata.str1.4
                0x0000000000112438       0x21 binaries/rflread.o
 .rodata.str1.4
                0x0000000000000000       0x21 binaries/rflwrite.o
 *fill*         0x0000000000112459        0x3 
 .rodata.str1.4
                0x000000000011245c       0x75 binaries/rfscomm.o
 *fill*         0x00000000001124d1        0x3 
 .rodata.str1.4
                0x00000000001124d4       0x23 binaries/rfscontrol.o
 *fill*         0x00000000001124f7        0x1 
 .rodata        0x00000000001124f8       0x18 binaries/rfscontrol.o
 .rodata.str1.1
                0x0000000000000000       0x10 binaries/rfsinit.o
 .rodata.str1.4
                0x0000000000112510       0x57 binaries/rfsinit.o
 *fill*         0x0000000000112567        0x1 
 .rodata.str1.4
                0x0000000000112568       0x2a binaries/rfsndmsg.o
 .rodata.str1.4
                0x0000000000000000       0x22 binaries/rfsopen.o
 .rodata.str1.1
                0x0000000000112592       0x19 binaries/arp.o
 *fill*         0x00000000001125ab        0x1 
 .rodata.str1.4
                0x00000000001125ac       0x21 binaries/arp.o
 *fill*         0x00000000001125cd        0x3 
 .rodata.str1.4
                0x00000000001125d0       0xa6 binaries/dhcp.o
 .rodata.str1.1
                0x0000000000112676       0x4a binaries/dhcp.o
 .rodata.str1.1
                0x00000000001126c0       0x5a binaries/hexdump.o
                                         0x61 (size before relaxing)
 *fill*         0x000000000011271a        0x2 
 .rodata.str1.4
                0x000000000011271c       0x67 binaries/hexdump.o
 *fill*         0x0000000000112783        0x1 
 .rodata.str1.4
                0x0000000000112784       0x29 binaries/icmp.o
 .rodata.str1.1
                0x00000000001127ad       0x4e binaries/ip.o
 *fill*         0x00000000001127fb        0x1 
 .rodata.str1.4
                0x00000000001127fc       0x20 binaries/ip.o
 .rodata.str1.4
                0x000000000011281c       0x28 binaries/net.o
 .rodata.str1.1
                0x0000000000112844       0x27 binaries/net.o
 *fill*         0x000000000011286b        0x1 
 .rodata.str1.4
                0x000000000011286c       0xcf binaries/netstart.o
 .rodata.str1.1
                0x000000000011293b      0x141 binaries/pdump.o
                                        0x14b (size before relaxing)
 .rodata.str1.4
                0x0000000000112a7c      0x126 binaries/pdump.o
 *fill*         0x0000000000112ba2        0x2 
 .rodata.str1.4
                0x0000000000112ba4      0x148 binaries/tftp.o
 .rodata.str1.1
                0x0000000000112cec        0x6 binaries/tftp.o
                                          0xa (size before relaxing)
 .rodata.str1.1
                0x0000000000112cf2       0xe3 binaries/shell.o
                                         0xff (size before relaxing)
 *fill*         0x0000000000112dd5        0x3 
 .rodata.str1.4
                0x0000000000112dd8      0x1c4 binaries/shell.o
 *fill*         0x0000000000112f9c        0x4 
 .rodata        0x0000000000112fa0       0xfc binaries/shell.o
                0x0000000000112fa0                cmdtab
 .rodata.str1.1
                0x000000000011309c       0x26 binaries/xsh_argecho.o
                                         0x28 (size before relaxing)
 .rodata.str1.1
                0x00000000001130c2       0x70 binaries/xsh_arp.o
                                         0x72 (size before relaxing)
 *fill*         0x0000000000113132        0x2 
 .rodata.str1.4
                0x0000000000113134       0xb4 binaries/xsh_arp.o
 .rodata.str1.1
                0x00000000001131e8       0x2d binaries/xsh_cat.o
                                         0x4f (size before relaxing)
 *fill*         0x0000000000113215        0x3 
 .rodata.str1.4
                0x0000000000113218       0x52 binaries/xsh_cat.o
                                         0x79 (size before relaxing)
 .rodata.str1.1
                0x000000000011326a       0x15 binaries/xsh_clear.o
 .rodata.str1.1
                0x000000000011327f       0x46 binaries/xsh_date.o
                                         0x5f (size before relaxing)
 *fill*         0x00000000001132c5        0x3 
 .rodata.str1.4
                0x00000000001132c8      0x163 binaries/xsh_date.o
 .rodata.str1.1
                0x000000000011342b       0x5d binaries/xsh_devdump.o
 .rodata.str1.1
                0x0000000000113488        0x4 binaries/xsh_echo.o
                                          0x9 (size before relaxing)
 .rodata.str1.1
                0x000000000011348c       0x65 binaries/xsh_help.o
                                         0xa3 (size before relaxing)
 *fill*         0x00000000001134f1        0x3 
 .rodata.str1.4
                0x00000000001134f4       0x7c binaries/xsh_help.o
                                         0xc6 (size before relaxing)
 .rodata.str1.1
                0x0000000000113570       0x9c binaries/xsh_ipaddr.o
                                         0xf8 (size before relaxing)
 .rodata.str1.4
                0x000000000011360c       0x4d binaries/xsh_ipaddr.o
                                         0x99 (size before relaxing)
 .rodata.str1.1
                0x0000000000113659       0x78 binaries/xsh_kill.o
                                         0x97 (size before relaxing)
 *fill*         0x00000000001136d1        0x3 
 .rodata.str1.4
                0x00000000001136d4       0x4a binaries/xsh_kill.o
                                         0x96 (size before relaxing)
 .rodata.str1.1
                0x000000000011371e       0x84 binaries/xsh_memdump.o
                                         0xa8 (size before relaxing)
 *fill*         0x00000000001137a2        0x2 
 .rodata.str1.4
                0x00000000001137a4      0x15a binaries/xsh_memdump.o
                                        0x1aa (size before relaxing)
 .rodata.str1.1
                0x00000000001138fe       0x40 binaries/xsh_memstat.o
                                         0x79 (size before relaxing)
 *fill*         0x000000000011393e        0x2 
 .rodata.str1.4
                0x0000000000113940      0x187 binaries/xsh_memstat.o
                                        0x1af (size before relaxing)
 .rodata.str1.1
                0x0000000000113ac7       0x90 binaries/xsh_ping.o
                                         0xaf (size before relaxing)
 *fill*         0x0000000000113b57        0x1 
 .rodata.str1.4
                0x0000000000113b58       0x77 binaries/xsh_ping.o
                                         0xc6 (size before relaxing)
 .rodata.str1.1
                0x0000000000113bcf       0x74 binaries/xsh_ps.o
                                         0xd5 (size before relaxing)
 *fill*         0x0000000000113c43        0x1 
 .rodata.str1.4
                0x0000000000113c44       0x80 binaries/xsh_ps.o
                                         0xd0 (size before relaxing)
 *fill*         0x0000000000113cc4       0x1c 
 .rodata        0x0000000000113ce0       0x20 binaries/xsh_ps.o
 .rodata.str1.1
                0x0000000000113d00       0x31 binaries/xsh_sleep.o
                                         0x72 (size before relaxing)
 *fill*         0x0000000000113d31        0x3 
 .rodata.str1.4
                0x0000000000113d34       0x2a binaries/xsh_sleep.o
                                         0x7a (size before relaxing)
 .rodata.str1.1
                0x0000000000113d5e       0x6b binaries/xsh_udpdump.o
                                         0xd2 (size before relaxing)
 *fill*         0x0000000000113dc9        0x3 
 .rodata.str1.4
                0x0000000000113dcc       0x94 binaries/xsh_udpdump.o
                                         0xe4 (size before relaxing)
 .rodata.str1.1
                0x0000000000113e60       0xdb binaries/xsh_udpecho.o
                                         0xfa (size before relaxing)
 *fill*         0x0000000000113f3b        0x1 
 .rodata.str1.4
                0x0000000000113f3c       0xc7 binaries/xsh_udpecho.o
                                        0x116 (size before relaxing)
 .rodata.str1.1
                0x0000000000114003       0x66 binaries/xsh_udpeserver.o
                                         0x8f (size before relaxing)
 *fill*         0x0000000000114069        0x3 
 .rodata.str1.4
                0x000000000011406c       0x29 binaries/xsh_udpeserver.o
                                         0x9f (size before relaxing)
 .rodata.str1.1
                0x0000000000114095       0x49 binaries/xsh_uptime.o
                                         0x8c (size before relaxing)
 *fill*         0x00000000001140de        0x2 
 .rodata.str1.4
                0x00000000001140e0       0x28 binaries/xsh_uptime.o
                                         0x76 (size before relaxing)
                0x0000000000114108                etext = ABSOLUTE (.)
                0x0000000000115000                . = ALIGN (0x1000)
 *fill*         0x0000000000114108      0xef8 

.eh_frame       0x0000000000115000     0x3394
 .eh_frame      0x0000000000115000       0x58 binaries/ascdate.o
 .eh_frame      0x0000000000115058       0x14 binaries/bufinit.o
                                         0x2c (size before relaxing)
 .eh_frame      0x000000000011506c       0x34 binaries/chprio.o
                                         0x4c (size before relaxing)
 .eh_frame      0x00000000001150a0       0x18 binaries/clkhandler.o
                                         0x30 (size before relaxing)
 .eh_frame      0x00000000001150b8       0x18 binaries/clkinit.o
                                         0x30 (size before relaxing)
 .eh_frame      0x00000000001150d0       0x2c binaries/close.o
                                         0x44 (size before relaxing)
 .eh_frame      0x00000000001150fc       0x2c binaries/control.o
                                         0x44 (size before relaxing)
 .eh_frame      0x0000000000115128       0x40 binaries/create.o
                                         0x58 (size before relaxing)
 .eh_frame      0x0000000000115168       0x98 binaries/early_imr.o
                                         0xb0 (size before relaxing)
 .eh_frame      0x0000000000115200       0x94 binaries/evec.o
                                         0xac (size before relaxing)
 .eh_frame      0x0000000000115294       0x2c binaries/freebuf.o
                                         0x44 (size before relaxing)
 .eh_frame      0x00000000001152c0       0x3c binaries/freemem.o
                                         0x54 (size before relaxing)
 .eh_frame      0x00000000001152fc       0x3c binaries/getbuf.o
                                         0x54 (size before relaxing)
 .eh_frame      0x0000000000115338       0x2c binaries/getc.o
                                         0x44 (size before relaxing)
 .eh_frame      0x0000000000115364       0x3c binaries/getdev.o
                                         0x54 (size before relaxing)
 .eh_frame      0x00000000001153a0       0x4c binaries/getitem.o
                                         0x64 (size before relaxing)
 .eh_frame      0x00000000001153ec       0x2c binaries/getmem.o
                                         0x44 (size before relaxing)
 .eh_frame      0x0000000000115418       0x14 binaries/getpid.o
                                         0x2c (size before relaxing)
 .eh_frame      0x000000000011542c       0x24 binaries/getprio.o
                                         0x3c (size before relaxing)
 .eh_frame      0x0000000000115450       0x3c binaries/getstk.o
                                         0x54 (size before relaxing)
 .eh_frame      0x000000000011548c       0x18 binaries/gettime.o
                                         0x30 (size before relaxing)
 .eh_frame      0x00000000001154a4       0x24 binaries/getutime.o
                                         0x3c (size before relaxing)
 .eh_frame      0x00000000001154c8       0x2c binaries/init.o
                                         0x44 (size before relaxing)
 .eh_frame      0x00000000001154f4       0x48 binaries/initialize.o
                                         0x60 (size before relaxing)
 .eh_frame      0x000000000011553c       0x24 binaries/insert.o
                                         0x3c (size before relaxing)
 .eh_frame      0x0000000000115560       0x38 binaries/insertd.o
                                         0x50 (size before relaxing)
 .eh_frame      0x0000000000115598       0x14 binaries/ioerr.o
                                         0x2c (size before relaxing)
 .eh_frame      0x00000000001155ac       0x14 binaries/ionull.o
                                         0x2c (size before relaxing)
 .eh_frame      0x00000000001155c0       0x40 binaries/kill.o
                                         0x58 (size before relaxing)
 .eh_frame      0x0000000000115600       0x58 binaries/kprintf.o
                                         0x70 (size before relaxing)
 .eh_frame      0x0000000000115658       0xd4 binaries/main.o
                                         0xec (size before relaxing)
 .eh_frame      0x000000000011572c       0x3c binaries/mark.o
                                         0x54 (size before relaxing)
 .eh_frame      0x0000000000115768       0x58 binaries/meminit.o
                                         0x70 (size before relaxing)
 .eh_frame      0x00000000001157c0       0x40 binaries/mkbufpool.o
                                         0x58 (size before relaxing)
 .eh_frame      0x0000000000115800       0x14 binaries/newqueue.o
                                         0x2c (size before relaxing)
 .eh_frame      0x0000000000115814       0x2c binaries/open.o
                                         0x44 (size before relaxing)
 .eh_frame      0x0000000000115840       0x14 binaries/panic.o
                                         0x2c (size before relaxing)
 .eh_frame      0x0000000000115854       0xe0 binaries/pci.o
                                         0xf8 (size before relaxing)
 .eh_frame      0x0000000000115934       0x18 binaries/platinit.o
                                         0x30 (size before relaxing)
 .eh_frame      0x000000000011594c       0x3c binaries/ptclear.o
                                         0x54 (size before relaxing)
 .eh_frame      0x0000000000115988       0x34 binaries/ptcount.o
                                         0x4c (size before relaxing)
 .eh_frame      0x00000000001159bc       0x3c binaries/ptcreate.o
                                         0x54 (size before relaxing)
 .eh_frame      0x00000000001159f8       0x2c binaries/ptdelete.o
                                         0x44 (size before relaxing)
 .eh_frame      0x0000000000115a24       0x2c binaries/ptinit.o
                                         0x44 (size before relaxing)
 .eh_frame      0x0000000000115a50       0x3c binaries/ptrecv.o
                                         0x54 (size before relaxing)
 .eh_frame      0x0000000000115a8c       0x2c binaries/ptreset.o
                                         0x44 (size before relaxing)
 .eh_frame      0x0000000000115ab8       0x34 binaries/ptsend.o
                                         0x4c (size before relaxing)
 .eh_frame      0x0000000000115aec       0x34 binaries/putc.o
                                         0x4c (size before relaxing)
 .eh_frame      0x0000000000115b20       0x24 binaries/quark_irq.o
                                         0x3c (size before relaxing)
 .eh_frame      0x0000000000115b44       0x60 binaries/quark_pdat.o
                                         0x78 (size before relaxing)
 .eh_frame      0x0000000000115ba4       0x34 binaries/queue.o
                                         0x4c (size before relaxing)
 .eh_frame      0x0000000000115bd8       0x2c binaries/read.o
                                         0x44 (size before relaxing)
 .eh_frame      0x0000000000115c04       0x18 binaries/ready.o
                                         0x30 (size before relaxing)
 .eh_frame      0x0000000000115c1c       0x34 binaries/receive.o
                                         0x4c (size before relaxing)
 .eh_frame      0x0000000000115c50       0x20 binaries/recvclr.o
                                         0x38 (size before relaxing)
 .eh_frame      0x0000000000115c70       0x3c binaries/recvtime.o
                                         0x54 (size before relaxing)
 .eh_frame      0x0000000000115cac       0x4c binaries/resched.o
                                         0x64 (size before relaxing)
 .eh_frame      0x0000000000115cf8       0x34 binaries/resume.o
                                         0x4c (size before relaxing)
 .eh_frame      0x0000000000115d2c       0x2c binaries/seek.o
                                         0x44 (size before relaxing)
 .eh_frame      0x0000000000115d58       0x24 binaries/semcount.o
                                         0x3c (size before relaxing)
 .eh_frame      0x0000000000115d7c       0x3c binaries/semcreate.o
                                         0x54 (size before relaxing)
 .eh_frame      0x0000000000115db8       0x2c binaries/semdelete.o
                                         0x44 (size before relaxing)
 .eh_frame      0x0000000000115de4       0x3c binaries/semreset.o
                                         0x54 (size before relaxing)
 .eh_frame      0x0000000000115e20       0x2c binaries/send.o
                                         0x44 (size before relaxing)
 .eh_frame      0x0000000000115e4c       0x2c binaries/signal.o
                                         0x44 (size before relaxing)
 .eh_frame      0x0000000000115e78       0x34 binaries/signaln.o
                                         0x4c (size before relaxing)
 .eh_frame      0x0000000000115eac       0x44 binaries/sleep.o
                                         0x5c (size before relaxing)
 .eh_frame      0x0000000000115ef0       0x40 binaries/stacktrace.o
                                         0x58 (size before relaxing)
 .eh_frame      0x0000000000115f30       0x3c binaries/suspend.o
                                         0x54 (size before relaxing)
 .eh_frame      0x0000000000115f6c       0x2c binaries/unsleep.o
                                         0x44 (size before relaxing)
 .eh_frame      0x0000000000115f98       0x18 binaries/userret.o
                                         0x30 (size before relaxing)
 .eh_frame      0x0000000000115fb0       0x34 binaries/wait.o
                                         0x4c (size before relaxing)
 .eh_frame      0x0000000000115fe4       0x18 binaries/wakeup.o
                                         0x30 (size before relaxing)
 .eh_frame      0x0000000000115ffc       0x2c binaries/write.o
                                         0x44 (size before relaxing)
 .eh_frame      0x0000000000116028       0x18 binaries/xdone.o
                                         0x30 (size before relaxing)
 .eh_frame      0x0000000000116040       0x20 binaries/yield.o
                                         0x38 (size before relaxing)
 .eh_frame      0x0000000000116060       0x58 binaries/myprog.o
                                         0x70 (size before relaxing)
 .eh_frame      0x00000000001160b8       0x34 binaries/printprocstks.o
                                         0x4c (size before relaxing)
 .eh_frame      0x00000000001160ec       0x18 binaries/printsegaddress.o
                                         0x30 (size before relaxing)
 .eh_frame      0x0000000000116104       0x60 binaries/rogue.o
                                         0x78 (size before relaxing)
 .eh_frame      0x0000000000116164       0x70 binaries/someprog.o
                                         0x88 (size before relaxing)
 .eh_frame      0x00000000001161d4       0x14 binaries/abs.o
                                         0x2c (size before relaxing)
 .eh_frame      0x00000000001161e8       0x24 binaries/atoi.o
                                         0x3c (size before relaxing)
 .eh_frame      0x000000000011620c       0x24 binaries/atol.o
                                         0x3c (size before relaxing)
 .eh_frame      0x0000000000116230       0x14 binaries/bzero.o
                                         0x2c (size before relaxing)
 .eh_frame      0x0000000000116244       0xd4 binaries/doprnt.o
                                         0xec (size before relaxing)
 .eh_frame      0x0000000000116318       0x40 binaries/doscan.o
                                         0x58 (size before relaxing)
 .eh_frame      0x0000000000116358       0x7c binaries/fdoprnt.o
                                         0x94 (size before relaxing)
 .eh_frame      0x00000000001163d4       0x18 binaries/fgetc.o
                                         0x30 (size before relaxing)
 .eh_frame      0x00000000001163ec       0x3c binaries/fgets.o
                                         0x54 (size before relaxing)
 .eh_frame      0x0000000000116428       0x18 binaries/fprintf.o
                                         0x30 (size before relaxing)
 .eh_frame      0x0000000000116440       0x18 binaries/fputc.o
                                         0x30 (size before relaxing)
 .eh_frame      0x0000000000116458       0x2c binaries/fputs.o
                                         0x44 (size before relaxing)
 .eh_frame      0x0000000000116484       0x4c binaries/fscanf.o
                                         0x64 (size before relaxing)
 .eh_frame      0x00000000001164d0       0x18 binaries/getchar.o
                                         0x30 (size before relaxing)
 .eh_frame      0x00000000001164e8       0x14 binaries/labs.o
                                         0x2c (size before relaxing)
 .eh_frame      0x00000000001164fc       0x14 binaries/memchr.o
                                         0x2c (size before relaxing)
 .eh_frame      0x0000000000116510       0x24 binaries/memcmp.o
                                         0x3c (size before relaxing)
 .eh_frame      0x0000000000116534       0x24 binaries/memcpy.o
                                         0x3c (size before relaxing)
 .eh_frame      0x0000000000116558       0x1c binaries/memset.o
                                         0x34 (size before relaxing)
 .eh_frame      0x0000000000116574       0x18 binaries/printf.o
                                         0x30 (size before relaxing)
 .eh_frame      0x000000000011658c       0x18 binaries/putchar.o
                                         0x30 (size before relaxing)
 .eh_frame      0x00000000001165a4       0xa8 binaries/qsort.o
                                         0xc0 (size before relaxing)
 .eh_frame      0x000000000011664c       0x28 binaries/rand.o
                                         0x40 (size before relaxing)
 .eh_frame      0x0000000000116674       0x3c binaries/sprintf.o
                                         0x54 (size before relaxing)
 .eh_frame      0x00000000001166b0       0x40 binaries/sscanf.o
                                         0x58 (size before relaxing)
 .eh_frame      0x00000000001166f0       0x1c binaries/strchr.o
                                         0x34 (size before relaxing)
 .eh_frame      0x000000000011670c       0x1c binaries/strcmp.o
                                         0x34 (size before relaxing)
 .eh_frame      0x0000000000116728       0x14 binaries/strcpy.o
                                         0x2c (size before relaxing)
 .eh_frame      0x000000000011673c       0x14 binaries/strlen.o
                                         0x2c (size before relaxing)
 .eh_frame      0x0000000000116750       0x2c binaries/strncat.o
                                         0x44 (size before relaxing)
 .eh_frame      0x000000000011677c       0x1c binaries/strncmp.o
                                         0x34 (size before relaxing)
 .eh_frame      0x0000000000116798       0x30 binaries/strncpy.o
                                         0x48 (size before relaxing)
 .eh_frame      0x00000000001167c8       0x14 binaries/strnlen.o
                                         0x2c (size before relaxing)
 .eh_frame      0x00000000001167dc       0x1c binaries/strrchr.o
                                         0x34 (size before relaxing)
 .eh_frame      0x00000000001167f8       0x38 binaries/strstr.o
                                         0x50 (size before relaxing)
 .eh_frame      0x0000000000116830       0x2c binaries/ttycontrol.o
                                         0x44 (size before relaxing)
 .eh_frame      0x000000000011685c       0x2c binaries/ttygetc.o
                                         0x44 (size before relaxing)
 .eh_frame      0x0000000000116888       0x9c binaries/ttyhandle_in.o
                                         0xb4 (size before relaxing)
 .eh_frame      0x0000000000116924       0x40 binaries/ttyhandle_out.o
                                         0x58 (size before relaxing)
 .eh_frame      0x0000000000116964       0x2c binaries/ttyhandler.o
                                         0x44 (size before relaxing)
 .eh_frame      0x0000000000116990       0x2c binaries/ttyinit.o
                                         0x44 (size before relaxing)
 .eh_frame      0x00000000001169bc       0x14 binaries/ttykickout.o
                                         0x2c (size before relaxing)
 .eh_frame      0x00000000001169d0       0x34 binaries/ttyputc.o
                                         0x4c (size before relaxing)
 .eh_frame      0x0000000000116a04       0x3c binaries/ttyread.o
                                         0x54 (size before relaxing)
 .eh_frame      0x0000000000116a40       0x34 binaries/ttywrite.o
                                         0x4c (size before relaxing)
 .eh_frame      0x0000000000116a74       0x50 binaries/mount.o
                                         0x68 (size before relaxing)
 .eh_frame      0x0000000000116ac4       0x40 binaries/naminit.o
                                         0x58 (size before relaxing)
 .eh_frame      0x0000000000116b04       0xa4 binaries/nammap.o
                                         0xbc (size before relaxing)
 .eh_frame      0x0000000000116ba8       0x1c binaries/namopen.o
                                         0x34 (size before relaxing)
 .eh_frame      0x0000000000116bc4       0x3c binaries/colon2mac.o
                                         0x54 (size before relaxing)
 .eh_frame      0x0000000000116c00       0x18 binaries/ethcontrol.o
                                         0x30 (size before relaxing)
 .eh_frame      0x0000000000116c18       0x3c binaries/ethhandler.o
                                         0x54 (size before relaxing)
 .eh_frame      0x0000000000116c54       0x94 binaries/ethinit.o
                                         0xac (size before relaxing)
 .eh_frame      0x0000000000116ce8       0x68 binaries/ethmcast.o
                                         0x80 (size before relaxing)
 .eh_frame      0x0000000000116d50       0x40 binaries/ethread.o
                                         0x58 (size before relaxing)
 .eh_frame      0x0000000000116d90       0x3c binaries/ethwrite.o
                                         0x54 (size before relaxing)
 .eh_frame      0x0000000000116dcc       0x24 binaries/rdsbufalloc.o
                                         0x3c (size before relaxing)
 .eh_frame      0x0000000000116df0       0x30 binaries/rdsclose.o
                                         0x48 (size before relaxing)
 .eh_frame      0x0000000000116e20       0x40 binaries/rdscomm.o
                                         0x58 (size before relaxing)
 .eh_frame      0x0000000000116e60       0x2c binaries/rdscontrol.o
                                         0x44 (size before relaxing)
 .eh_frame      0x0000000000116e8c       0x40 binaries/rdsinit.o
                                         0x58 (size before relaxing)
 .eh_frame      0x0000000000116ecc       0x40 binaries/rdsopen.o
                                         0x58 (size before relaxing)
 .eh_frame      0x0000000000116f0c       0x2c binaries/rdsprocess.o
                                         0x44 (size before relaxing)
 .eh_frame      0x0000000000116f38       0x40 binaries/rdsread.o
                                         0x58 (size before relaxing)
 .eh_frame      0x0000000000116f78       0x34 binaries/rdswrite.o
                                         0x4c (size before relaxing)
 .eh_frame      0x0000000000116fac       0x14 binaries/ramclose.o
                                         0x2c (size before relaxing)
 .eh_frame      0x0000000000116fc0       0x18 binaries/raminit.o
                                         0x30 (size before relaxing)
 .eh_frame      0x0000000000116fd8       0x14 binaries/ramopen.o
                                         0x2c (size before relaxing)
 .eh_frame      0x0000000000116fec       0x18 binaries/ramread.o
                                         0x30 (size before relaxing)
 .eh_frame      0x0000000000117004       0x18 binaries/ramwrite.o
                                         0x30 (size before relaxing)
 .eh_frame      0x000000000011701c       0x2c binaries/lfdballoc.o
                                         0x44 (size before relaxing)
 .eh_frame      0x0000000000117048       0x24 binaries/lfdbfree.o
                                         0x3c (size before relaxing)
 .eh_frame      0x000000000011706c       0x24 binaries/lfflush.o
                                         0x3c (size before relaxing)
 .eh_frame      0x0000000000117090       0x14 binaries/lfgetmode.o
                                         0x2c (size before relaxing)
 .eh_frame      0x00000000001170a4       0x24 binaries/lfiballoc.o
                                         0x3c (size before relaxing)
 .eh_frame      0x00000000001170c8       0x14 binaries/lfibclear.o
                                         0x2c (size before relaxing)
 .eh_frame      0x00000000001170dc       0x40 binaries/lfibget.o
                                         0x58 (size before relaxing)
 .eh_frame      0x000000000011711c       0x40 binaries/lfibput.o
                                         0x58 (size before relaxing)
 .eh_frame      0x000000000011715c       0x2c binaries/lflclose.o
                                         0x44 (size before relaxing)
 .eh_frame      0x0000000000117188       0x2c binaries/lflcontrol.o
                                         0x44 (size before relaxing)
 .eh_frame      0x00000000001171b4       0x2c binaries/lflgetc.o
                                         0x44 (size before relaxing)
 .eh_frame      0x00000000001171e0       0x24 binaries/lflinit.o
                                         0x3c (size before relaxing)
 .eh_frame      0x0000000000117204       0x34 binaries/lflputc.o
                                         0x4c (size before relaxing)
 .eh_frame      0x0000000000117238       0x3c binaries/lflread.o
                                         0x54 (size before relaxing)
 .eh_frame      0x0000000000117274       0x34 binaries/lflseek.o
                                         0x4c (size before relaxing)
 .eh_frame      0x00000000001172a8       0x3c binaries/lflwrite.o
                                         0x54 (size before relaxing)
 .eh_frame      0x00000000001172e4       0x40 binaries/lfsckfmt.o
                                         0x58 (size before relaxing)
 .eh_frame      0x0000000000117324       0x40 binaries/lfscreate.o
                                         0x58 (size before relaxing)
 .eh_frame      0x0000000000117364       0x40 binaries/lfsetup.o
                                         0x58 (size before relaxing)
 .eh_frame      0x00000000001173a4       0x18 binaries/lfsinit.o
                                         0x30 (size before relaxing)
 .eh_frame      0x00000000001173bc       0x40 binaries/lfsopen.o
                                         0x58 (size before relaxing)
 .eh_frame      0x00000000001173fc       0x40 binaries/lftruncate.o
                                         0x58 (size before relaxing)
 .eh_frame      0x000000000011743c       0x18 binaries/rflclose.o
                                         0x30 (size before relaxing)
 .eh_frame      0x0000000000117454       0x18 binaries/rflgetc.o
                                         0x30 (size before relaxing)
 .eh_frame      0x000000000011746c       0x14 binaries/rflinit.o
                                         0x2c (size before relaxing)
 .eh_frame      0x0000000000117480       0x18 binaries/rflputc.o
                                         0x30 (size before relaxing)
 .eh_frame      0x0000000000117498       0x40 binaries/rflread.o
                                         0x58 (size before relaxing)
 .eh_frame      0x00000000001174d8       0x18 binaries/rflseek.o
                                         0x30 (size before relaxing)
 .eh_frame      0x00000000001174f0       0x40 binaries/rflwrite.o
                                         0x58 (size before relaxing)
 .eh_frame      0x0000000000117530       0x40 binaries/rfscomm.o
                                         0x58 (size before relaxing)
 .eh_frame      0x0000000000117570       0x2c binaries/rfscontrol.o
                                         0x44 (size before relaxing)
 .eh_frame      0x000000000011759c       0x14 binaries/rfsgetmode.o
                                         0x2c (size before relaxing)
 .eh_frame      0x00000000001175b0       0x18 binaries/rfsinit.o
                                         0x30 (size before relaxing)
 .eh_frame      0x00000000001175c8       0x1c binaries/rfsndmsg.o
                                         0x34 (size before relaxing)
 .eh_frame      0x00000000001175e4       0x2c binaries/rfsopen.o
                                         0x44 (size before relaxing)
 .eh_frame      0x0000000000117610       0xf0 binaries/arp.o
                                        0x108 (size before relaxing)
[...]
 .comment       0x0000000000000000       0x2b binaries/pdump.o
 .comment       0x0000000000000000       0x2b binaries/tftp.o
 .comment       0x0000000000000000       0x2b binaries/udp.o
 .comment       0x0000000000000000       0x2b binaries/addargs.o
 .comment       0x0000000000000000       0x2b binaries/lexan.o
 .comment       0x0000000000000000       0x2b binaries/shell.o
 .comment       0x0000000000000000       0x2b binaries/xsh_argecho.o
 .comment       0x0000000000000000       0x2b binaries/xsh_arp.o
 .comment       0x0000000000000000       0x2b binaries/xsh_cat.o
 .comment       0x0000000000000000       0x2b binaries/xsh_clear.o
 .comment       0x0000000000000000       0x2b binaries/xsh_date.o
 .comment       0x0000000000000000       0x2b binaries/xsh_devdump.o
 .comment       0x0000000000000000       0x2b binaries/xsh_echo.o
 .comment       0x0000000000000000       0x2b binaries/xsh_exit.o
 .comment       0x0000000000000000       0x2b binaries/xsh_help.o
 .comment       0x0000000000000000       0x2b binaries/xsh_ipaddr.o
 .comment       0x0000000000000000       0x2b binaries/xsh_kill.o
 .comment       0x0000000000000000       0x2b binaries/xsh_memdump.o
 .comment       0x0000000000000000       0x2b binaries/xsh_memstat.o
 .comment       0x0000000000000000       0x2b binaries/xsh_ping.o
 .comment       0x0000000000000000       0x2b binaries/xsh_ps.o
 .comment       0x0000000000000000       0x2b binaries/xsh_sleep.o
 .comment       0x0000000000000000       0x2b binaries/xsh_udpdump.o
 .comment       0x0000000000000000       0x2b binaries/xsh_udpecho.o
 .comment       0x0000000000000000       0x2b binaries/xsh_udpeserver.o
 .comment       0x0000000000000000       0x2b binaries/xsh_uptime.o

.note.GNU-stack
                0x0000000000000000        0x0
 .note.GNU-stack
                0x0000000000000000        0x0 binaries/ascdate.o
 .note.GNU-stack
                0x0000000000000000        0x0 binaries/bufinit.o
 .note.GNU-stack
                0x0000000000000000        0x0 binaries/chprio.o
 .note.GNU-stack
                0x0000000000000000        0x0 binaries/clkhandler.o
 .note.GNU-stack
                0x0000000000000000        0x0 binaries/clkinit.o
 .note.GNU-stack
                0x0000000000000000        0x0 binaries/close.o
 .note.GNU-stack
                0x0000000000000000        0x0 binaries/conf.o
 .note.GNU-stack
                0x0000000000000000        0x0 binaries/control.o
 .note.GNU-stack
                0x0000000000000000        0x0 binaries/create.o
 .note.GNU-stack
                0x0000000000000000        0x0 binaries/early_imr.o
 .note.GNU-stack
                0x0000000000000000        0x0 binaries/evec.o
 .note.GNU-stack
                0x0000000000000000        0x0 binaries/freebuf.o
 .note.GNU-stack
                0x0000000000000000        0x0 binaries/freemem.o
 .note.GNU-stack
                0x0000000000000000        0x0 binaries/getbuf.o
 .note.GNU-stack
                0x0000000000000000        0x0 binaries/getc.o
 .note.GNU-stack
                0x0000000000000000        0x0 binaries/getdev.o
 .note.GNU-stack
                0x0000000000000000        0x0 binaries/getitem.o
 .note.GNU-stack
                0x0000000000000000        0x0 binaries/getmem.o
 .note.GNU-stack
                0x0000000000000000        0x0 binaries/getpid.o
 .note.GNU-stack
                0x0000000000000000        0x0 binaries/getprio.o
 .note.GNU-stack
                0x0000000000000000        0x0 binaries/getstk.o
 .note.GNU-stack
                0x0000000000000000        0x0 binaries/gettime.o
 .note.GNU-stack
                0x0000000000000000        0x0 binaries/getutime.o
 .note.GNU-stack
                0x0000000000000000        0x0 binaries/init.o
 .note.GNU-stack
                0x0000000000000000        0x0 binaries/initialize.o
 .note.GNU-stack
                0x0000000000000000        0x0 binaries/insert.o
 .note.GNU-stack
                0x0000000000000000        0x0 binaries/insertd.o
 .note.GNU-stack
                0x0000000000000000        0x0 binaries/ioerr.o
 .note.GNU-stack
                0x0000000000000000        0x0 binaries/ionull.o
 .note.GNU-stack
                0x0000000000000000        0x0 binaries/kill.o
 .note.GNU-stack
                0x0000000000000000        0x0 binaries/kprintf.o
 .note.GNU-stack
                0x0000000000000000        0x0 binaries/main.o
 .note.GNU-stack
                0x0000000000000000        0x0 binaries/mark.o
 .note.GNU-stack
                0x0000000000000000        0x0 binaries/meminit.o
 .note.GNU-stack
                0x0000000000000000        0x0 binaries/mkbufpool.o
 .note.GNU-stack
                0x0000000000000000        0x0 binaries/newqueue.o
 .note.GNU-stack
                0x0000000000000000        0x0 binaries/open.o
 .note.GNU-stack
                0x0000000000000000        0x0 binaries/panic.o
 .note.GNU-stack
                0x0000000000000000        0x0 binaries/pci.o
 .note.GNU-stack
                0x0000000000000000        0x0 binaries/platinit.o
 .note.GNU-stack
                0x0000000000000000        0x0 binaries/ptclear.o
 .note.GNU-stack
                0x0000000000000000        0x0 binaries/ptcount.o
 .note.GNU-stack
                0x0000000000000000        0x0 binaries/ptcreate.o
 .note.GNU-stack
                0x0000000000000000        0x0 binaries/ptdelete.o
 .note.GNU-stack
                0x0000000000000000        0x0 binaries/ptinit.o
 .note.GNU-stack
                0x0000000000000000        0x0 binaries/ptrecv.o
 .note.GNU-stack
                0x0000000000000000        0x0 binaries/ptreset.o
 .note.GNU-stack
                0x0000000000000000        0x0 binaries/ptsend.o
 .note.GNU-stack
                0x0000000000000000        0x0 binaries/putc.o
 .note.GNU-stack
                0x0000000000000000        0x0 binaries/quark_irq.o
 .note.GNU-stack
                0x0000000000000000        0x0 binaries/quark_pdat.o
 .note.GNU-stack
                0x0000000000000000        0x0 binaries/queue.o
 .note.GNU-stack
                0x0000000000000000        0x0 binaries/read.o
 .note.GNU-stack
                0x0000000000000000        0x0 binaries/ready.o
 .note.GNU-stack
                0x0000000000000000        0x0 binaries/receive.o
 .note.GNU-stack
                0x0000000000000000        0x0 binaries/recvclr.o
 .note.GNU-stack
                0x0000000000000000        0x0 binaries/recvtime.o
 .note.GNU-stack
                0x0000000000000000        0x0 binaries/resched.o
 .note.GNU-stack
                0x0000000000000000        0x0 binaries/resume.o
 .note.GNU-stack
                0x0000000000000000        0x0 binaries/seek.o
 .note.GNU-stack
                0x0000000000000000        0x0 binaries/semcount.o
 .note.GNU-stack
                0x0000000000000000        0x0 binaries/semcreate.o
 .note.GNU-stack
                0x0000000000000000        0x0 binaries/semdelete.o
 .note.GNU-stack
                0x0000000000000000        0x0 binaries/semreset.o
 .note.GNU-stack
                0x0000000000000000        0x0 binaries/send.o
 .note.GNU-stack
                0x0000000000000000        0x0 binaries/signal.o
 .note.GNU-stack
                0x0000000000000000        0x0 binaries/signaln.o
 .note.GNU-stack
                0x0000000000000000        0x0 binaries/sleep.o
 .note.GNU-stack
                0x0000000000000000        0x0 binaries/stacktrace.o
 .note.GNU-stack
                0x0000000000000000        0x0 binaries/suspend.o
 .note.GNU-stack
                0x0000000000000000        0x0 binaries/unsleep.o
 .note.GNU-stack
                0x0000000000000000        0x0 binaries/userret.o
 .note.GNU-stack
                0x0000000000000000        0x0 binaries/wait.o
 .note.GNU-stack
                0x0000000000000000        0x0 binaries/wakeup.o
 .note.GNU-stack
                0x0000000000000000        0x0 binaries/write.o
 .note.GNU-stack
                0x0000000000000000        0x0 binaries/xdone.o
 .note.GNU-stack
                0x0000000000000000        0x0 binaries/yield.o
 .note.GNU-stack
                0x0000000000000000        0x0 binaries/myprog.o
 .note.GNU-stack
                0x0000000000000000        0x0 binaries/printprocstks.o
 .note.GNU-stack
                0x0000000000000000        0x0 binaries/printsegaddress.o
 .note.GNU-stack
                0x0000000000000000        0x0 binaries/rogue.o
 .note.GNU-stack
                0x0000000000000000        0x0 binaries/someprog.o
 .note.GNU-stack
                0x0000000000000000        0x0 binaries/abs.o
 .note.GNU-stack
                0x0000000000000000        0x0 binaries/atoi.o
 .note.GNU-stack
                0x0000000000000000        0x0 binaries/atol.o
 .note.GNU-stack
                0x0000000000000000        0x0 binaries/bzero.o
 .note.GNU-stack
                0x0000000000000000        0x0 binaries/ctype_.o
 .note.GNU-stack
                0x0000000000000000        0x0 binaries/doprnt.o
 .note.GNU-stack
                0x0000000000000000        0x0 binaries/doscan.o
 .note.GNU-stack
                0x0000000000000000        0x0 binaries/fdoprnt.o
 .note.GNU-stack
                0x0000000000000000        0x0 binaries/fgetc.o
 .note.GNU-stack
                0x0000000000000000        0x0 binaries/fgets.o
 .note.GNU-stack
                0x0000000000000000        0x0 binaries/fprintf.o
 .note.GNU-stack
                0x0000000000000000        0x0 binaries/fputc.o
 .note.GNU-stack
                0x0000000000000000        0x0 binaries/fputs.o
 .note.GNU-stack
                0x0000000000000000        0x0 binaries/fscanf.o
 .note.GNU-stack
                0x0000000000000000        0x0 binaries/getchar.o
 .note.GNU-stack
                0x0000000000000000        0x0 binaries/labs.o
 .note.GNU-stack
                0x0000000000000000        0x0 binaries/memchr.o
 .note.GNU-stack
                0x0000000000000000        0x0 binaries/memcmp.o
 .note.GNU-stack
                0x0000000000000000        0x0 binaries/memcpy.o
 .note.GNU-stack
                0x0000000000000000        0x0 binaries/memset.o
 .note.GNU-stack
                0x0000000000000000        0x0 binaries/printf.o
 .note.GNU-stack
                0x0000000000000000        0x0 binaries/putchar.o
 .note.GNU-stack
                0x0000000000000000        0x0 binaries/qsort.o
 .note.GNU-stack
                0x0000000000000000        0x0 binaries/rand.o
 .note.GNU-stack
                0x0000000000000000        0x0 binaries/sprintf.o
 .note.GNU-stack
                0x0000000000000000        0x0 binaries/sscanf.o
 .note.GNU-stack
                0x0000000000000000        0x0 binaries/strchr.o
 .note.GNU-stack
                0x0000000000000000        0x0 binaries/strcmp.o
 .note.GNU-stack
                0x0000000000000000        0x0 binaries/strcpy.o
 .note.GNU-stack
                0x0000000000000000        0x0 binaries/strlen.o
 .note.GNU-stack
                0x0000000000000000        0x0 binaries/strncat.o
 .note.GNU-stack
                0x0000000000000000        0x0 binaries/strncmp.o
 .note.GNU-stack
                0x0000000000000000        0x0 binaries/strncpy.o
 .note.GNU-stack
                0x0000000000000000        0x0 binaries/strnlen.o
 .note.GNU-stack
                0x0000000000000000        0x0 binaries/strrchr.o
 .note.GNU-stack
                0x0000000000000000        0x0 binaries/strstr.o
 .note.GNU-stack
                0x0000000000000000        0x0 binaries/ttycontrol.o
 .note.GNU-stack
                0x0000000000000000        0x0 binaries/ttygetc.o
 .note.GNU-stack
                0x0000000000000000        0x0 binaries/ttyhandle_in.o
 .note.GNU-stack
                0x0000000000000000        0x0 binaries/ttyhandle_out.o
 .note.GNU-stack
                0x0000000000000000        0x0 binaries/ttyhandler.o
 .note.GNU-stack
                0x0000000000000000        0x0 binaries/ttyinit.o
 .note.GNU-stack
                0x0000000000000000        0x0 binaries/ttykickout.o
 .note.GNU-stack
                0x0000000000000000        0x0 binaries/ttyputc.o
 .note.GNU-stack
                0x0000000000000000        0x0 binaries/ttyread.o
 .note.GNU-stack
                0x0000000000000000        0x0 binaries/ttywrite.o
 .note.GNU-stack
                0x0000000000000000        0x0 binaries/mount.o
 .note.GNU-stack
                0x0000000000000000        0x0 binaries/naminit.o
 .note.GNU-stack
                0x0000000000000000        0x0 binaries/nammap.o
 .note.GNU-stack
                0x0000000000000000        0x0 binaries/namopen.o
 .note.GNU-stack
                0x0000000000000000        0x0 binaries/colon2mac.o
 .note.GNU-stack
                0x0000000000000000        0x0 binaries/ethcontrol.o
 .note.GNU-stack
                0x0000000000000000        0x0 binaries/ethhandler.o
 .note.GNU-stack
                0x0000000000000000        0x0 binaries/ethinit.o
 .note.GNU-stack
                0x0000000000000000        0x0 binaries/ethmcast.o
 .note.GNU-stack
                0x0000000000000000        0x0 binaries/ethread.o
 .note.GNU-stack
                0x0000000000000000        0x0 binaries/ethwrite.o
 .note.GNU-stack
                0x0000000000000000        0x0 binaries/rdsbufalloc.o
 .note.GNU-stack
                0x0000000000000000        0x0 binaries/rdsclose.o
 .note.GNU-stack
                0x0000000000000000        0x0 binaries/rdscomm.o
 .note.GNU-stack
                0x0000000000000000        0x0 binaries/rdscontrol.o
 .note.GNU-stack
                0x0000000000000000        0x0 binaries/rdsinit.o
 .note.GNU-stack
                0x0000000000000000        0x0 binaries/rdsopen.o
 .note.GNU-stack
                0x0000000000000000        0x0 binaries/rdsprocess.o
 .note.GNU-stack
                0x0000000000000000        0x0 binaries/rdsread.o
 .note.GNU-stack
                0x0000000000000000        0x0 binaries/rdswrite.o
 .note.GNU-stack
                0x0000000000000000        0x0 binaries/ramclose.o
 .note.GNU-stack
                0x0000000000000000        0x0 binaries/raminit.o
 .note.GNU-stack
                0x0000000000000000        0x0 binaries/ramopen.o
 .note.GNU-stack
                0x0000000000000000        0x0 binaries/ramread.o
 .note.GNU-stack
                0x0000000000000000        0x0 binaries/ramwrite.o
 .note.GNU-stack
                0x0000000000000000        0x0 binaries/lfdballoc.o
 .note.GNU-stack
                0x0000000000000000        0x0 binaries/lfdbfree.o
 .note.GNU-stack
                0x0000000000000000        0x0 binaries/lfflush.o
 .note.GNU-stack
                0x0000000000000000        0x0 binaries/lfgetmode.o
 .note.GNU-stack
                0x0000000000000000        0x0 binaries/lfiballoc.o
 .note.GNU-stack
                0x0000000000000000        0x0 binaries/lfibclear.o
 .note.GNU-stack
                0x0000000000000000        0x0 binaries/lfibget.o
 .note.GNU-stack
                0x0000000000000000        0x0 binaries/lfibput.o
 .note.GNU-stack
                0x0000000000000000        0x0 binaries/lflclose.o
 .note.GNU-stack
                0x0000000000000000        0x0 binaries/lflcontrol.o
 .note.GNU-stack
                0x0000000000000000        0x0 binaries/lflgetc.o
 .note.GNU-stack
                0x0000000000000000        0x0 binaries/lflinit.o
 .note.GNU-stack
                0x0000000000000000        0x0 binaries/lflputc.o
 .note.GNU-stack
                0x0000000000000000        0x0 binaries/lflread.o
 .note.GNU-stack
                0x0000000000000000        0x0 binaries/lflseek.o
 .note.GNU-stack
                0x0000000000000000        0x0 binaries/lflwrite.o
 .note.GNU-stack
                0x0000000000000000        0x0 binaries/lfsckfmt.o
 .note.GNU-stack
                0x0000000000000000        0x0 binaries/lfscreate.o
 .note.GNU-stack
                0x0000000000000000        0x0 binaries/lfsetup.o
 .note.GNU-stack
                0x0000000000000000        0x0 binaries/lfsinit.o
 .note.GNU-stack
                0x0000000000000000        0x0 binaries/lfsopen.o
 .note.GNU-stack
                0x0000000000000000        0x0 binaries/lftruncate.o
 .note.GNU-stack
                0x0000000000000000        0x0 binaries/rflclose.o
 .note.GNU-stack
                0x0000000000000000        0x0 binaries/rflgetc.o
 .note.GNU-stack
                0x0000000000000000        0x0 binaries/rflinit.o
 .note.GNU-stack
                0x0000000000000000        0x0 binaries/rflputc.o
 .note.GNU-stack
                0x0000000000000000        0x0 binaries/rflread.o
 .note.GNU-stack
                0x0000000000000000        0x0 binaries/rflseek.o
 .note.GNU-stack
                0x0000000000000000        0x0 binaries/rflwrite.o
 .note.GNU-stack
                0x0000000000000000        0x0 binaries/rfscomm.o
 .note.GNU-stack
                0x0000000000000000        0x0 binaries/rfscontrol.o
 .note.GNU-stack
                0x0000000000000000        0x0 binaries/rfsgetmode.o
 .note.GNU-stack
                0x0000000000000000        0x0 binaries/rfsinit.o
 .note.GNU-stack
                0x0000000000000000        0x0 binaries/rfsndmsg.o
 .note.GNU-stack
                0x0000000000000000        0x0 binaries/rfsopen.o
 .note.GNU-stack
                0x0000000000000000        0x0 binaries/arp.o
 .note.GNU-stack
                0x0000000000000000        0x0 binaries/dhcp.o
 .note.GNU-stack
                0x0000000000000000        0x0 binaries/dot2ip.o
 .note.GNU-stack
                0x0000000000000000        0x0 binaries/hexdump.o
 .note.GNU-stack
                0x0000000000000000        0x0 binaries/icmp.o
 .note.GNU-stack
                0x0000000000000000        0x0 binaries/ip.o
 .note.GNU-stack
                0x0000000000000000        0x0 binaries/net.o
 .note.GNU-stack
                0x0000000000000000        0x0 binaries/netstart.o
 .note.GNU-stack
                0x0000000000000000        0x0 binaries/pdump.o
 .note.GNU-stack
                0x0000000000000000        0x0 binaries/tftp.o
 .note.GNU-stack
                0x0000000000000000        0x0 binaries/udp.o
 .note.GNU-stack
                0x0000000000000000        0x0 binaries/addargs.o
 .note.GNU-stack
                0x0000000000000000        0x0 binaries/lexan.o
 .note.GNU-stack
                0x0000000000000000        0x0 binaries/shell.o
 .note.GNU-stack
                0x0000000000000000        0x0 binaries/xsh_argecho.o
 .note.GNU-stack
                0x0000000000000000        0x0 binaries/xsh_arp.o
 .note.GNU-stack
                0x0000000000000000        0x0 binaries/xsh_cat.o
 .note.GNU-stack
                0x0000000000000000        0x0 binaries/xsh_clear.o
 .note.GNU-stack
                0x0000000000000000        0x0 binaries/xsh_date.o
 .note.GNU-stack
                0x0000000000000000        0x0 binaries/xsh_devdump.o
 .note.GNU-stack
                0x0000000000000000        0x0 binaries/xsh_echo.o
 .note.GNU-stack
                0x0000000000000000        0x0 binaries/xsh_exit.o
 .note.GNU-stack
                0x0000000000000000        0x0 binaries/xsh_help.o
 .note.GNU-stack
                0x0000000000000000        0x0 binaries/xsh_ipaddr.o
 .note.GNU-stack
                0x0000000000000000        0x0 binaries/xsh_kill.o
 .note.GNU-stack
                0x0000000000000000        0x0 binaries/xsh_memdump.o
 .note.GNU-stack
                0x0000000000000000        0x0 binaries/xsh_memstat.o
 .note.GNU-stack
                0x0000000000000000        0x0 binaries/xsh_ping.o
 .note.GNU-stack
                0x0000000000000000        0x0 binaries/xsh_ps.o
 .note.GNU-stack
                0x0000000000000000        0x0 binaries/xsh_sleep.o
 .note.GNU-stack
                0x0000000000000000        0x0 binaries/xsh_udpdump.o
 .note.GNU-stack
                0x0000000000000000        0x0 binaries/xsh_udpecho.o
 .note.GNU-stack
                0x0000000000000000        0x0 binaries/xsh_udpeserver.o
 .note.GNU-stack
                0x0000000000000000        0x0 binaries/xsh_uptime.o
